Test and Build	Set up job	∩╗┐2026-01-19T21:20:19.1422066Z Current runner version: '2.331.0'
Test and Build	Set up job	2026-01-19T21:20:19.1446336Z ##[group]Runner Image Provisioner
Test and Build	Set up job	2026-01-19T21:20:19.1447280Z Hosted Compute Agent
Test and Build	Set up job	2026-01-19T21:20:19.1447803Z Version: 20251211.462
Test and Build	Set up job	2026-01-19T21:20:19.1448387Z Commit: 6cbad8c2bb55d58165063d031ccabf57e2d2db61
Test and Build	Set up job	2026-01-19T21:20:19.1449142Z Build Date: 2025-12-11T16:28:49Z
Test and Build	Set up job	2026-01-19T21:20:19.1449785Z Worker ID: {75bed168-da2e-4120-b12b-aa6513bdc7fc}
Test and Build	Set up job	2026-01-19T21:20:19.1450427Z ##[endgroup]
Test and Build	Set up job	2026-01-19T21:20:19.1451001Z ##[group]Operating System
Test and Build	Set up job	2026-01-19T21:20:19.1451735Z Ubuntu
Test and Build	Set up job	2026-01-19T21:20:19.1452181Z 24.04.3
Test and Build	Set up job	2026-01-19T21:20:19.1452724Z LTS
Test and Build	Set up job	2026-01-19T21:20:19.1453142Z ##[endgroup]
Test and Build	Set up job	2026-01-19T21:20:19.1453632Z ##[group]Runner Image
Test and Build	Set up job	2026-01-19T21:20:19.1454174Z Image: ubuntu-24.04
Test and Build	Set up job	2026-01-19T21:20:19.1454702Z Version: 20260111.209.1
Test and Build	Set up job	2026-01-19T21:20:19.1455660Z Included Software: https://github.com/actions/runner-images/blob/ubuntu24/20260111.209/images/ubuntu/Ubuntu2404-Readme.md
Test and Build	Set up job	2026-01-19T21:20:19.1457077Z Image Release: https://github.com/actions/runner-images/releases/tag/ubuntu24%2F20260111.209
Test and Build	Set up job	2026-01-19T21:20:19.1458214Z ##[endgroup]
Test and Build	Set up job	2026-01-19T21:20:19.1459344Z ##[group]GITHUB_TOKEN Permissions
Test and Build	Set up job	2026-01-19T21:20:19.1461120Z Contents: read
Test and Build	Set up job	2026-01-19T21:20:19.1461983Z Metadata: read
Test and Build	Set up job	2026-01-19T21:20:19.1462655Z Packages: read
Test and Build	Set up job	2026-01-19T21:20:19.1463118Z ##[endgroup]
Test and Build	Set up job	2026-01-19T21:20:19.1465104Z Secret source: Actions
Test and Build	Set up job	2026-01-19T21:20:19.1465928Z Prepare workflow directory
Test and Build	Set up job	2026-01-19T21:20:19.1819565Z Prepare all required actions
Test and Build	Set up job	2026-01-19T21:20:19.1877648Z Getting action download info
Test and Build	Set up job	2026-01-19T21:20:19.6501861Z Download action repository 'actions/checkout@v6' (SHA:8e8c483db84b4bee98b60c0593521ed34d9990e8)
Test and Build	Set up job	2026-01-19T21:20:19.7354960Z Download action repository 'actions/setup-node@v6' (SHA:6044e13b5dc448c55e2357c09f80417699197238)
Test and Build	Set up job	2026-01-19T21:20:20.6353701Z Download action repository 'actions/upload-artifact@v6' (SHA:b7c566a772e6b6bfb58ed0dc250532a479d7789f)
Test and Build	Set up job	2026-01-19T21:20:20.8694860Z Complete job name: Test and Build
Test and Build	Checkout repository	∩╗┐2026-01-19T21:20:20.9560211Z ##[group]Run actions/checkout@v6
Test and Build	Checkout repository	2026-01-19T21:20:20.9561845Z with:
Test and Build	Checkout repository	2026-01-19T21:20:20.9562840Z   repository: clarkemoyer/technologyadoptionbarriers.org
Test and Build	Checkout repository	2026-01-19T21:20:20.9564436Z   token: ***
Test and Build	Checkout repository	2026-01-19T21:20:20.9565191Z   ssh-strict: true
Test and Build	Checkout repository	2026-01-19T21:20:20.9565974Z   ssh-user: git
Test and Build	Checkout repository	2026-01-19T21:20:20.9566770Z   persist-credentials: true
Test and Build	Checkout repository	2026-01-19T21:20:20.9567668Z   clean: true
Test and Build	Checkout repository	2026-01-19T21:20:20.9568462Z   sparse-checkout-cone-mode: true
Test and Build	Checkout repository	2026-01-19T21:20:20.9569474Z   fetch-depth: 1
Test and Build	Checkout repository	2026-01-19T21:20:20.9570251Z   fetch-tags: false
Test and Build	Checkout repository	2026-01-19T21:20:20.9571081Z   show-progress: true
Test and Build	Checkout repository	2026-01-19T21:20:20.9572095Z   lfs: false
Test and Build	Checkout repository	2026-01-19T21:20:20.9572841Z   submodules: false
Test and Build	Checkout repository	2026-01-19T21:20:20.9573666Z   set-safe-directory: true
Test and Build	Checkout repository	2026-01-19T21:20:20.9574840Z ##[endgroup]
Test and Build	Checkout repository	2026-01-19T21:20:21.0525346Z Syncing repository: clarkemoyer/technologyadoptionbarriers.org
Test and Build	Checkout repository	2026-01-19T21:20:21.0528175Z ##[group]Getting Git version info
Test and Build	Checkout repository	2026-01-19T21:20:21.0530081Z Working directory is '/home/runner/work/technologyadoptionbarriers.org/technologyadoptionbarriers.org'
Test and Build	Checkout repository	2026-01-19T21:20:21.0532982Z [command]/usr/bin/git version
Test and Build	Checkout repository	2026-01-19T21:20:21.0579774Z git version 2.52.0
Test and Build	Checkout repository	2026-01-19T21:20:21.0601800Z ##[endgroup]
Test and Build	Checkout repository	2026-01-19T21:20:21.0618553Z Temporarily overriding HOME='/home/runner/work/_temp/ccb00431-07c8-4613-9d3d-26fc349015f2' before making global git config changes
Test and Build	Checkout repository	2026-01-19T21:20:21.0623338Z Adding repository directory to the temporary git global config as a safe directory
Test and Build	Checkout repository	2026-01-19T21:20:21.0626280Z [command]/usr/bin/git config --global --add safe.directory /home/runner/work/technologyadoptionbarriers.org/technologyadoptionbarriers.org
Test and Build	Checkout repository	2026-01-19T21:20:21.0664183Z Deleting the contents of '/home/runner/work/technologyadoptionbarriers.org/technologyadoptionbarriers.org'
Test and Build	Checkout repository	2026-01-19T21:20:21.0667604Z ##[group]Initializing the repository
Test and Build	Checkout repository	2026-01-19T21:20:21.0672540Z [command]/usr/bin/git init /home/runner/work/technologyadoptionbarriers.org/technologyadoptionbarriers.org
Test and Build	Checkout repository	2026-01-19T21:20:21.0774793Z hint: Using 'master' as the name for the initial branch. This default branch name
Test and Build	Checkout repository	2026-01-19T21:20:21.0778031Z hint: will change to "main" in Git 3.0. To configure the initial branch name
Test and Build	Checkout repository	2026-01-19T21:20:21.0780407Z hint: to use in all of your new repositories, which will suppress this warning,
Test and Build	Checkout repository	2026-01-19T21:20:21.0782265Z hint: call:
Test and Build	Checkout repository	2026-01-19T21:20:21.0783377Z hint:
Test and Build	Checkout repository	2026-01-19T21:20:21.0784584Z hint: 	git config --global init.defaultBranch <name>
Test and Build	Checkout repository	2026-01-19T21:20:21.0785827Z hint:
Test and Build	Checkout repository	2026-01-19T21:20:21.0787117Z hint: Names commonly chosen instead of 'master' are 'main', 'trunk' and
Test and Build	Checkout repository	2026-01-19T21:20:21.0789453Z hint: 'development'. The just-created branch can be renamed via this command:
Test and Build	Checkout repository	2026-01-19T21:20:21.0790961Z hint:
Test and Build	Checkout repository	2026-01-19T21:20:21.0792429Z hint: 	git branch -m <name>
Test and Build	Checkout repository	2026-01-19T21:20:21.0793431Z hint:
Test and Build	Checkout repository	2026-01-19T21:20:21.0794649Z hint: Disable this message with "git config set advice.defaultBranchName false"
Test and Build	Checkout repository	2026-01-19T21:20:21.0797398Z Initialized empty Git repository in /home/runner/work/technologyadoptionbarriers.org/technologyadoptionbarriers.org/.git/
Test and Build	Checkout repository	2026-01-19T21:20:21.0801919Z [command]/usr/bin/git remote add origin https://github.com/clarkemoyer/technologyadoptionbarriers.org
Test and Build	Checkout repository	2026-01-19T21:20:21.0831493Z ##[endgroup]
Test and Build	Checkout repository	2026-01-19T21:20:21.0834117Z ##[group]Disabling automatic garbage collection
Test and Build	Checkout repository	2026-01-19T21:20:21.0836263Z [command]/usr/bin/git config --local gc.auto 0
Test and Build	Checkout repository	2026-01-19T21:20:21.0863051Z ##[endgroup]
Test and Build	Checkout repository	2026-01-19T21:20:21.0865506Z ##[group]Setting up auth
Test and Build	Checkout repository	2026-01-19T21:20:21.0867476Z Removing SSH command configuration
Test and Build	Checkout repository	2026-01-19T21:20:21.0870815Z [command]/usr/bin/git config --local --name-only --get-regexp core\.sshCommand
Test and Build	Checkout repository	2026-01-19T21:20:21.0903967Z [command]/usr/bin/git submodule foreach --recursive sh -c "git config --local --name-only --get-regexp 'core\.sshCommand' && git config --local --unset-all 'core.sshCommand' || :"
Test and Build	Checkout repository	2026-01-19T21:20:21.1236446Z Removing HTTP extra header
Test and Build	Checkout repository	2026-01-19T21:20:21.1245145Z [command]/usr/bin/git config --local --name-only --get-regexp http\.https\:\/\/github\.com\/\.extraheader
Test and Build	Checkout repository	2026-01-19T21:20:21.1282520Z [command]/usr/bin/git submodule foreach --recursive sh -c "git config --local --name-only --get-regexp 'http\.https\:\/\/github\.com\/\.extraheader' && git config --local --unset-all 'http.https://github.com/.extraheader' || :"
Test and Build	Checkout repository	2026-01-19T21:20:21.1495368Z Removing includeIf entries pointing to credentials config files
Test and Build	Checkout repository	2026-01-19T21:20:21.1502283Z [command]/usr/bin/git config --local --name-only --get-regexp ^includeIf\.gitdir:
Test and Build	Checkout repository	2026-01-19T21:20:21.1536267Z [command]/usr/bin/git submodule foreach --recursive git config --local --show-origin --name-only --get-regexp remote.origin.url
Test and Build	Checkout repository	2026-01-19T21:20:21.1764553Z [command]/usr/bin/git config --file /home/runner/work/_temp/git-credentials-6f7327f9-0913-42b0-8d53-55c0d7395afe.config http.https://github.com/.extraheader AUTHORIZATION: basic ***
Test and Build	Checkout repository	2026-01-19T21:20:21.1804610Z [command]/usr/bin/git config --local includeIf.gitdir:/home/runner/work/technologyadoptionbarriers.org/technologyadoptionbarriers.org/.git.path /home/runner/work/_temp/git-credentials-6f7327f9-0913-42b0-8d53-55c0d7395afe.config
Test and Build	Checkout repository	2026-01-19T21:20:21.1836370Z [command]/usr/bin/git config --local includeIf.gitdir:/home/runner/work/technologyadoptionbarriers.org/technologyadoptionbarriers.org/.git/worktrees/*.path /home/runner/work/_temp/git-credentials-6f7327f9-0913-42b0-8d53-55c0d7395afe.config
Test and Build	Checkout repository	2026-01-19T21:20:21.1868301Z [command]/usr/bin/git config --local includeIf.gitdir:/github/workspace/.git.path /github/runner_temp/git-credentials-6f7327f9-0913-42b0-8d53-55c0d7395afe.config
Test and Build	Checkout repository	2026-01-19T21:20:21.1901747Z [command]/usr/bin/git config --local includeIf.gitdir:/github/workspace/.git/worktrees/*.path /github/runner_temp/git-credentials-6f7327f9-0913-42b0-8d53-55c0d7395afe.config
Test and Build	Checkout repository	2026-01-19T21:20:21.1932579Z ##[endgroup]
Test and Build	Checkout repository	2026-01-19T21:20:21.1935355Z ##[group]Fetching the repository
Test and Build	Checkout repository	2026-01-19T21:20:21.1942700Z [command]/usr/bin/git -c protocol.version=2 fetch --no-tags --prune --no-recurse-submodules --depth=1 origin +d0b92325a668ca7ce3e0d9f9a5a1f8dfae6840b8:refs/remotes/pull/157/merge
Test and Build	Checkout repository	2026-01-19T21:20:22.6336405Z From https://github.com/clarkemoyer/technologyadoptionbarriers.org
Test and Build	Checkout repository	2026-01-19T21:20:22.6338941Z  * [new ref]         d0b92325a668ca7ce3e0d9f9a5a1f8dfae6840b8 -> pull/157/merge
Test and Build	Checkout repository	2026-01-19T21:20:22.6367290Z ##[endgroup]
Test and Build	Checkout repository	2026-01-19T21:20:22.6367863Z ##[group]Determining the checkout info
Test and Build	Checkout repository	2026-01-19T21:20:22.6369914Z ##[endgroup]
Test and Build	Checkout repository	2026-01-19T21:20:22.6375098Z [command]/usr/bin/git sparse-checkout disable
Test and Build	Checkout repository	2026-01-19T21:20:22.6416446Z [command]/usr/bin/git config --local --unset-all extensions.worktreeConfig
Test and Build	Checkout repository	2026-01-19T21:20:22.6443553Z ##[group]Checking out the ref
Test and Build	Checkout repository	2026-01-19T21:20:22.6446933Z [command]/usr/bin/git checkout --progress --force refs/remotes/pull/157/merge
Test and Build	Checkout repository	2026-01-19T21:20:22.7539512Z Note: switching to 'refs/remotes/pull/157/merge'.
Test and Build	Checkout repository	2026-01-19T21:20:22.7541449Z 
Test and Build	Checkout repository	2026-01-19T21:20:22.7542414Z You are in 'detached HEAD' state. You can look around, make experimental
Test and Build	Checkout repository	2026-01-19T21:20:22.7543565Z changes and commit them, and you can discard any commits you make in this
Test and Build	Checkout repository	2026-01-19T21:20:22.7544839Z state without impacting any branches by switching back to a branch.
Test and Build	Checkout repository	2026-01-19T21:20:22.7545462Z 
Test and Build	Checkout repository	2026-01-19T21:20:22.7545775Z If you want to create a new branch to retain commits you create, you may
Test and Build	Checkout repository	2026-01-19T21:20:22.7546358Z do so (now or later) by using -c with the switch command. Example:
Test and Build	Checkout repository	2026-01-19T21:20:22.7546740Z 
Test and Build	Checkout repository	2026-01-19T21:20:22.7546923Z   git switch -c <new-branch-name>
Test and Build	Checkout repository	2026-01-19T21:20:22.7547194Z 
Test and Build	Checkout repository	2026-01-19T21:20:22.7547342Z Or undo this operation with:
Test and Build	Checkout repository	2026-01-19T21:20:22.7547550Z 
Test and Build	Checkout repository	2026-01-19T21:20:22.7547734Z   git switch -
Test and Build	Checkout repository	2026-01-19T21:20:22.7547971Z 
Test and Build	Checkout repository	2026-01-19T21:20:22.7548261Z Turn off this advice by setting config variable advice.detachedHead to false
Test and Build	Checkout repository	2026-01-19T21:20:22.7548709Z 
Test and Build	Checkout repository	2026-01-19T21:20:22.7549118Z HEAD is now at d0b9232 Merge a558e295a81c628bd3c3e8ac36dd049d732043f1 into 472dc2a20119327fc7ac7e8d8a20190f1cddef8b
Test and Build	Checkout repository	2026-01-19T21:20:22.7561984Z ##[endgroup]
Test and Build	Checkout repository	2026-01-19T21:20:22.7601179Z [command]/usr/bin/git log -1 --format=%H
Test and Build	Checkout repository	2026-01-19T21:20:22.7625185Z d0b92325a668ca7ce3e0d9f9a5a1f8dfae6840b8
Test and Build	Setup Node.js	∩╗┐2026-01-19T21:20:22.7957692Z ##[group]Run actions/setup-node@v6
Test and Build	Setup Node.js	2026-01-19T21:20:22.7958078Z with:
Test and Build	Setup Node.js	2026-01-19T21:20:22.7958310Z   node-version: 20
Test and Build	Setup Node.js	2026-01-19T21:20:22.7958534Z   cache: npm
Test and Build	Setup Node.js	2026-01-19T21:20:22.7958758Z   check-latest: false
Test and Build	Setup Node.js	2026-01-19T21:20:22.7959222Z   token: ***
Test and Build	Setup Node.js	2026-01-19T21:20:22.7959470Z   package-manager-cache: true
Test and Build	Setup Node.js	2026-01-19T21:20:22.7959749Z ##[endgroup]
Test and Build	Setup Node.js	2026-01-19T21:20:22.9282940Z Found in cache @ /opt/hostedtoolcache/node/20.19.6/x64
Test and Build	Setup Node.js	2026-01-19T21:20:22.9286908Z ##[group]Environment details
Test and Build	Setup Node.js	2026-01-19T21:20:24.9503016Z node: v20.19.6
Test and Build	Setup Node.js	2026-01-19T21:20:24.9503480Z npm: 10.8.2
Test and Build	Setup Node.js	2026-01-19T21:20:24.9504032Z yarn: 1.22.22
Test and Build	Setup Node.js	2026-01-19T21:20:24.9504646Z ##[endgroup]
Test and Build	Setup Node.js	2026-01-19T21:20:24.9522769Z [command]/opt/hostedtoolcache/node/20.19.6/x64/bin/npm config get cache
Test and Build	Setup Node.js	2026-01-19T21:20:25.1938387Z /home/runner/.npm
Test and Build	Setup Node.js	2026-01-19T21:20:25.4599220Z npm cache is not found
Test and Build	Install dependencies	∩╗┐2026-01-19T21:20:25.4723570Z ##[group]Run npm ci
Test and Build	Install dependencies	2026-01-19T21:20:25.4723904Z [36;1mnpm ci[0m
Test and Build	Install dependencies	2026-01-19T21:20:25.4767020Z shell: /usr/bin/bash -e {0}
Test and Build	Install dependencies	2026-01-19T21:20:25.4767298Z ##[endgroup]
Test and Build	Install dependencies	2026-01-19T21:20:29.4948107Z npm warn deprecated whatwg-encoding@3.1.1: Use @exodus/bytes instead for a more spec-conformant and faster implementation
Test and Build	Install dependencies	2026-01-19T21:20:30.1901945Z npm warn deprecated rimraf@3.0.2: Rimraf versions prior to v4 are no longer supported
Test and Build	Install dependencies	2026-01-19T21:20:31.2616496Z npm warn deprecated node-domexception@1.0.0: Use your platform's native DOMException instead
Test and Build	Install dependencies	2026-01-19T21:20:31.3487809Z npm warn deprecated inflight@1.0.6: This module is not supported, and leaks memory. Do not use it. Check out lru-cache if you want a good and tested way to coalesce async requests by a key value, which is much more comprehensive and powerful.
Test and Build	Install dependencies	2026-01-19T21:20:34.1815281Z npm warn deprecated glob@7.2.3: Glob versions prior to v9 are no longer supported
Test and Build	Install dependencies	2026-01-19T21:20:34.2748808Z npm warn deprecated glob@7.2.3: Glob versions prior to v9 are no longer supported
Test and Build	Install dependencies	2026-01-19T21:20:45.2095025Z 
Test and Build	Install dependencies	2026-01-19T21:20:45.2097479Z > technologyadoptionbarriers-org@0.1.0 prepare
Test and Build	Install dependencies	2026-01-19T21:20:45.2097895Z > husky
Test and Build	Install dependencies	2026-01-19T21:20:45.2098031Z 
Test and Build	Install dependencies	2026-01-19T21:20:45.2703005Z 
Test and Build	Install dependencies	2026-01-19T21:20:45.2704377Z added 1192 packages, and audited 1193 packages in 20s
Test and Build	Install dependencies	2026-01-19T21:20:45.2704883Z 
Test and Build	Install dependencies	2026-01-19T21:20:45.2705175Z 228 packages are looking for funding
Test and Build	Install dependencies	2026-01-19T21:20:45.2705798Z   run `npm fund` for details
Test and Build	Install dependencies	2026-01-19T21:20:45.2725002Z 
Test and Build	Install dependencies	2026-01-19T21:20:45.2725258Z found 0 vulnerabilities
Test and Build	Check formatting	∩╗┐2026-01-19T21:20:45.3235223Z ##[group]Run npm run format:check
Test and Build	Check formatting	2026-01-19T21:20:45.3235588Z [36;1mnpm run format:check[0m
Test and Build	Check formatting	2026-01-19T21:20:45.3274490Z shell: /usr/bin/bash -e {0}
Test and Build	Check formatting	2026-01-19T21:20:45.3274744Z ##[endgroup]
Test and Build	Check formatting	2026-01-19T21:20:45.4374930Z 
Test and Build	Check formatting	2026-01-19T21:20:45.4375726Z > technologyadoptionbarriers-org@0.1.0 format:check
Test and Build	Check formatting	2026-01-19T21:20:45.4376177Z > prettier --check .
Test and Build	Check formatting	2026-01-19T21:20:45.4376329Z 
Test and Build	Check formatting	2026-01-19T21:20:45.5192204Z Checking formatting...
Test and Build	Check formatting	2026-01-19T21:20:50.2111930Z All matched files use Prettier code style!
Test and Build	Run linting	∩╗┐2026-01-19T21:20:50.2450209Z ##[group]Run npm run lint
Test and Build	Run linting	2026-01-19T21:20:50.2450492Z [36;1mnpm run lint[0m
Test and Build	Run linting	2026-01-19T21:20:50.2481913Z shell: /usr/bin/bash -e {0}
Test and Build	Run linting	2026-01-19T21:20:50.2482162Z ##[endgroup]
Test and Build	Run linting	2026-01-19T21:20:50.3534471Z 
Test and Build	Run linting	2026-01-19T21:20:50.3535247Z > technologyadoptionbarriers-org@0.1.0 lint
Test and Build	Run linting	2026-01-19T21:20:50.3535730Z > eslint
Test and Build	Run linting	2026-01-19T21:20:50.3535841Z 
Test and Build	Run unit tests	∩╗┐2026-01-19T21:20:58.7068523Z ##[group]Run npm test
Test and Build	Run unit tests	2026-01-19T21:20:58.7068783Z [36;1mnpm test[0m
Test and Build	Run unit tests	2026-01-19T21:20:58.7099681Z shell: /usr/bin/bash -e {0}
Test and Build	Run unit tests	2026-01-19T21:20:58.7099927Z env:
Test and Build	Run unit tests	2026-01-19T21:20:58.7100094Z   CI: true
Test and Build	Run unit tests	2026-01-19T21:20:58.7100271Z ##[endgroup]
Test and Build	Run unit tests	2026-01-19T21:20:58.8240980Z 
Test and Build	Run unit tests	2026-01-19T21:20:58.8242006Z > technologyadoptionbarriers-org@0.1.0 test
Test and Build	Run unit tests	2026-01-19T21:20:58.8242415Z > jest
Test and Build	Run unit tests	2026-01-19T21:20:58.8242546Z 
Test and Build	Run unit tests	2026-01-19T21:21:00.5898592Z PASS __tests__/lib/prolific-api.test.ts
Test and Build	Run unit tests	2026-01-19T21:21:01.9393724Z FAIL __tests__/components/Footer.test.tsx
Test and Build	Run unit tests	2026-01-19T21:21:01.9428072Z   ΓùÅ Footer component ΓÇ║ should display the current year in copyright
Test and Build	Run unit tests	2026-01-19T21:21:01.9428619Z 
Test and Build	Run unit tests	2026-01-19T21:21:01.9429063Z     TestingLibraryElementError: Found multiple elements with the text: /2026/
Test and Build	Run unit tests	2026-01-19T21:21:01.9429557Z 
Test and Build	Run unit tests	2026-01-19T21:21:01.9429748Z     Here are the matching elements:
Test and Build	Run unit tests	2026-01-19T21:21:01.9430019Z 
Test and Build	Run unit tests	2026-01-19T21:21:01.9430208Z     Ignored nodes: comments, script, style
Test and Build	Run unit tests	2026-01-19T21:21:01.9430827Z     [36m<div[39m
Test and Build	Run unit tests	2026-01-19T21:21:01.9431813Z       [33mclass[39m=[32m"text-center text-gray-500 text-[14px] mt-[20px]"[39m
Test and Build	Run unit tests	2026-01-19T21:21:01.9432478Z     [36m>[39m
Test and Build	Run unit tests	2026-01-19T21:21:01.9466787Z       [0m┬⌐ [0m
Test and Build	Run unit tests	2026-01-19T21:21:01.9467468Z       [0m2026[0m
Test and Build	Run unit tests	2026-01-19T21:21:01.9468315Z       [0m Clarke Moyer all rights reserved. Credit to Smeal and the PSU DBA program.[0m
Test and Build	Run unit tests	2026-01-19T21:21:01.9469121Z     [36m</div>[39m
Test and Build	Run unit tests	2026-01-19T21:21:01.9469327Z 
Test and Build	Run unit tests	2026-01-19T21:21:01.9469547Z     Ignored nodes: comments, script, style
Test and Build	Run unit tests	2026-01-19T21:21:01.9470019Z     [36m<div[39m
Test and Build	Run unit tests	2026-01-19T21:21:01.9470569Z       [33mclass[39m=[32m"text-[10px] opacity-70"[39m
Test and Build	Run unit tests	2026-01-19T21:21:01.9471080Z     [36m>[39m
Test and Build	Run unit tests	2026-01-19T21:21:01.9471655Z       [0mUpdated: [0m
Test and Build	Run unit tests	2026-01-19T21:21:01.9472048Z       [0m1/1/2026[0m
Test and Build	Run unit tests	2026-01-19T21:21:01.9472416Z     [36m</div>[39m
Test and Build	Run unit tests	2026-01-19T21:21:01.9472612Z 
Test and Build	Run unit tests	2026-01-19T21:21:01.9473400Z     (If this is intentional, then use the `*AllBy*` variant of the query (like `queryAllByText`, `getAllByText`, or `findAllByText`)).
Test and Build	Run unit tests	2026-01-19T21:21:01.9474203Z 
Test and Build	Run unit tests	2026-01-19T21:21:01.9474420Z     Ignored nodes: comments, script, style
Test and Build	Run unit tests	2026-01-19T21:21:01.9474915Z     [36m<body>[39m
Test and Build	Run unit tests	2026-01-19T21:21:01.9475282Z       [36m<div>[39m
Test and Build	Run unit tests	2026-01-19T21:21:01.9475657Z         [36m<footer[39m
Test and Build	Run unit tests	2026-01-19T21:21:01.9476253Z           [33mclass[39m=[32m"w-full bg-black text-white"[39m
Test and Build	Run unit tests	2026-01-19T21:21:01.9476791Z         [36m>[39m
Test and Build	Run unit tests	2026-01-19T21:21:01.9477142Z           [36m<div[39m
Test and Build	Run unit tests	2026-01-19T21:21:01.9478035Z             [33mclass[39m=[32m"w-full py-[100px] bg-[#1a2b4b] text-white relative overflow-hidden"[39m
Test and Build	Run unit tests	2026-01-19T21:21:01.9479261Z             [33mid[39m=[32m"contact"[39m
Test and Build	Run unit tests	2026-01-19T21:21:01.9479703Z           [36m>[39m
Test and Build	Run unit tests	2026-01-19T21:21:01.9480063Z             [36m<div[39m
Test and Build	Run unit tests	2026-01-19T21:21:01.9480822Z               [33mclass[39m=[32m"w-[90%] mx-auto max-w-[1080px] text-center relative z-10"[39m
Test and Build	Run unit tests	2026-01-19T21:21:01.9481666Z             [36m>[39m
Test and Build	Run unit tests	2026-01-19T21:21:01.9482045Z               [36m<h2[39m
Test and Build	Run unit tests	2026-01-19T21:21:01.9482864Z                 [33mclass[39m=[32m"text-[48px] font-bold mb-[20px] font-serif tracking-wide"[39m
Test and Build	Run unit tests	2026-01-19T21:21:01.9483592Z               [36m>[39m
Test and Build	Run unit tests	2026-01-19T21:21:01.9484113Z                 [0mGet in Touch. Get Involved.[0m
Test and Build	Run unit tests	2026-01-19T21:21:01.9484619Z               [36m</h2>[39m
Test and Build	Run unit tests	2026-01-19T21:21:01.9485062Z               [36m<p[39m
Test and Build	Run unit tests	2026-01-19T21:21:01.9485734Z                 [33mclass[39m=[32m"text-[20px] text-blue-200 mb-[10px]"[39m
Test and Build	Run unit tests	2026-01-19T21:21:01.9486406Z               [36m>[39m
Test and Build	Run unit tests	2026-01-19T21:21:01.9487271Z                 [0mDo not hesitate to reach out with any question or to become part of the project.[0m
Test and Build	Run unit tests	2026-01-19T21:21:01.9488010Z               [36m</p>[39m
Test and Build	Run unit tests	2026-01-19T21:21:01.9488425Z               [36m<div[39m
Test and Build	Run unit tests	2026-01-19T21:21:01.9489675Z                 [33mclass[39m=[32m"flex flex-col md:flex-row justify-center items-center gap-[40px] mt-[30px] mb-[60px] text-[18px] font-medium"[39m
Test and Build	Run unit tests	2026-01-19T21:21:01.9491042Z               [36m>[39m
Test and Build	Run unit tests	2026-01-19T21:21:01.9491658Z                 [36m<div>[39m
Test and Build	Run unit tests	2026-01-19T21:21:01.9492133Z                   [36m<span[39m
Test and Build	Run unit tests	2026-01-19T21:21:01.9493088Z                     [33mclass[39m=[32m"text-blue-400 block text-[14px] uppercase tracking-wider mb-1"[39m
Test and Build	Run unit tests	2026-01-19T21:21:01.9493880Z                   [36m>[39m
Test and Build	Run unit tests	2026-01-19T21:21:01.9494345Z                     [0mLocation[0m
Test and Build	Run unit tests	2026-01-19T21:21:01.9494854Z                   [36m</span>[39m
Test and Build	Run unit tests	2026-01-19T21:21:01.9495533Z                   [0mState College PA[0m
Test and Build	Run unit tests	2026-01-19T21:21:01.9496061Z                 [36m</div>[39m
Test and Build	Run unit tests	2026-01-19T21:21:01.9496519Z                 [36m<div[39m
Test and Build	Run unit tests	2026-01-19T21:21:01.9497257Z                   [33mclass[39m=[32m"hidden md:block w-[1px] h-[40px] bg-blue-800"[39m
Test and Build	Run unit tests	2026-01-19T21:21:01.9497918Z                 [36m/>[39m
Test and Build	Run unit tests	2026-01-19T21:21:01.9498356Z                 [36m<div>[39m
Test and Build	Run unit tests	2026-01-19T21:21:01.9498805Z                   [36m<span[39m
Test and Build	Run unit tests	2026-01-19T21:21:01.9499787Z                     [33mclass[39m=[32m"text-blue-400 block text-[14px] uppercase tracking-wider mb-1 font-sans"[39m
Test and Build	Run unit tests	2026-01-19T21:21:01.9500623Z                   [36m>[39m
Test and Build	Run unit tests	2026-01-19T21:21:01.9501070Z                     [0mPhone[0m
Test and Build	Run unit tests	2026-01-19T21:21:01.9501705Z                   [36m</span>[39m
Test and Build	Run unit tests	2026-01-19T21:21:01.9502189Z                   [36m<a[39m
Test and Build	Run unit tests	2026-01-19T21:21:01.9503122Z                     [33mclass[39m=[32m"hover:text-blue-300 transition-colors font-sans text-[16px] font-bold"[39m
Test and Build	Run unit tests	2026-01-19T21:21:01.9504184Z                     [33mhref[39m=[32m"tel:5202228104"[39m
Test and Build	Run unit tests	2026-01-19T21:21:01.9504718Z                   [36m>[39m
Test and Build	Run unit tests	2026-01-19T21:21:01.9505193Z                     [0m(520) 222 8104[0m
Test and Build	Run unit tests	2026-01-19T21:21:01.9505660Z                   [36m</a>[39m
Test and Build	Run unit tests	2026-01-19T21:21:01.9506101Z                 [36m</div>[39m
Test and Build	Run unit tests	2026-01-19T21:21:01.9506537Z               [36m</div>[39m
Test and Build	Run unit tests	2026-01-19T21:21:01.9506955Z               [36m<div[39m
Test and Build	Run unit tests	2026-01-19T21:21:01.9507755Z                 [33mclass[39m=[32m"flex flex-col sm:flex-row justify-center gap-[20px]"[39m
Test and Build	Run unit tests	2026-01-19T21:21:01.9508429Z               [36m>[39m
Test and Build	Run unit tests	2026-01-19T21:21:01.9508796Z                 [36m<a[39m
Test and Build	Run unit tests	2026-01-19T21:21:01.9510332Z                   [33mclass[39m=[32m"px-[40px] py-[18px] bg-[#F57C20] text-white text-[18px] font-bold rounded-[4px] hover:bg-[#d66a1a] transition-all duration-300 uppercase tracking-widest"[39m
Test and Build	Run unit tests	2026-01-19T21:21:01.9512218Z                   [33mhref[39m=[32m"https://smeal.qualtrics.com/jfe/form/SV_bkMopd73A8fzfwO"[39m
Test and Build	Run unit tests	2026-01-19T21:21:01.9513146Z                   [33mrel[39m=[32m"noopener noreferrer"[39m
Test and Build	Run unit tests	2026-01-19T21:21:01.9514032Z                   [33mtarget[39m=[32m"_blank"[39m
Test and Build	Run unit tests	2026-01-19T21:21:01.9514524Z                 [36m>[39m
Test and Build	Run unit tests	2026-01-19T21:21:01.9515013Z                   [0mTAKE THE TABS[0m
Test and Build	Run unit tests	2026-01-19T21:21:01.9515509Z                 [36m</a>[39m
Test and Build	Run unit tests	2026-01-19T21:21:01.9515916Z                 [36m<a[39m
Test and Build	Run unit tests	2026-01-19T21:21:01.9517461Z                   [33mclass[39m=[32m"px-[40px] py-[18px] bg-[#2EA3F2] text-white text-[18px] font-bold rounded-[4px] hover:bg-[#2589cc] transition-all duration-300 uppercase tracking-widest"[39m
Test and Build	Run unit tests	2026-01-19T21:21:01.9519030Z                   [33mhref[39m=[32m"https://github.com/sponsors/clarkemoyer"[39m
Test and Build	Run unit tests	2026-01-19T21:21:01.9519890Z                   [33mrel[39m=[32m"noopener noreferrer"[39m
Test and Build	Run unit tests	2026-01-19T21:21:01.9520590Z                   [33mtarget[39m=[32m"_blank"[39m
Test and Build	Run unit tests	2026-01-19T21:21:01.9521075Z                 [36m>[39m
Test and Build	Run unit tests	2026-01-19T21:21:01.9552773Z                   [0mSUPPORT TABS[0m
Test and Build	Run unit tests	2026-01-19T21:21:01.9553395Z                 [36m</a>[39m
Test and Build	Run unit tests	2026-01-19T21:21:01.9553901Z               [36m</div>[39m
Test and Build	Run unit tests	2026-01-19T21:21:01.9554342Z             [36m</div>[39m
Test and Build	Run unit tests	2026-01-19T21:21:01.9554792Z           [36m</div>[39m
Test and Build	Run unit tests	2026-01-19T21:21:01.9555217Z           [36m<div[39m
Test and Build	Run unit tests	2026-01-19T21:21:01.9556322Z             [33mclass[39m=[32m"bg-black py-[40px] px-[20px] md:px-[60px] lg:px-[80px] xl:px-[100px] border-b border-gray-800"[39m
Test and Build	Run unit tests	2026-01-19T21:21:01.9557577Z           [36m>[39m
Test and Build	Run unit tests	2026-01-19T21:21:01.9558006Z             [36m<div[39m
Test and Build	Run unit tests	2026-01-19T21:21:01.9559049Z               [33mclass[39m=[32m"max-w-[4096px] mx-auto space-y-[20px] text-[14px] md:text-[16px] text-gray-300"[39m
Test and Build	Run unit tests	2026-01-19T21:21:01.9559916Z             [36m>[39m
Test and Build	Run unit tests	2026-01-19T21:21:01.9560340Z               [36m<p>[39m
Test and Build	Run unit tests	2026-01-19T21:21:01.9560822Z                 [36m<strong[39m
Test and Build	Run unit tests	2026-01-19T21:21:01.9561659Z                   [33mclass[39m=[32m"text-white"[39m
Test and Build	Run unit tests	2026-01-19T21:21:01.9562237Z                 [36m>[39m
Test and Build	Run unit tests	2026-01-19T21:21:01.9562767Z                   [0mNOTE:[0m
Test and Build	Run unit tests	2026-01-19T21:21:01.9563294Z                 [36m</strong>[39m
Test and Build	Run unit tests	2026-01-19T21:21:01.9565212Z                 [0m Content on this site has used AI. This includes video, audio, image, and text generation capabilities from multiple models. Reach out to Clarke Moyer at 520-222-8104 with any questions on methods.[0m
Test and Build	Run unit tests	2026-01-19T21:21:01.9566782Z               [36m</p>[39m
Test and Build	Run unit tests	2026-01-19T21:21:01.9567263Z               [36m<p>[39m
Test and Build	Run unit tests	2026-01-19T21:21:01.9567774Z                 [36m<strong[39m
Test and Build	Run unit tests	2026-01-19T21:21:01.9568411Z                   [33mclass[39m=[32m"text-white"[39m
Test and Build	Run unit tests	2026-01-19T21:21:01.9569023Z                 [36m>[39m
Test and Build	Run unit tests	2026-01-19T21:21:01.9569545Z                   [0mNOTE:[0m
Test and Build	Run unit tests	2026-01-19T21:21:01.9570081Z                 [36m</strong>[39m
Test and Build	Run unit tests	2026-01-19T21:21:01.9572258Z                 [0m This project is in Draft. Not all items have been fully validated or property cited. If you find any gaps in citation or content issues, please reach out to Clarke Moyer 520-222-8104[0m
Test and Build	Run unit tests	2026-01-19T21:21:01.9573792Z               [36m</p>[39m
Test and Build	Run unit tests	2026-01-19T21:21:01.9574295Z             [36m</div>[39m
Test and Build	Run unit tests	2026-01-19T21:21:01.9574793Z           [36m</div>[39m
Test and Build	Run unit tests	2026-01-19T21:21:01.9575442Z           [36m<div[39m
Test and Build	Run unit tests	2026-01-19T21:21:01.9576248Z             [33mclass[39m=[32m"py-[40px] px-[20px] md:px-[60px] bg-black"[39m
Test and Build	Run unit tests	2026-01-19T21:21:01.9576990Z           [36m>[39m
Test and Build	Run unit tests	2026-01-19T21:21:01.9577428Z             [36m<div[39m
Test and Build	Run unit tests	2026-01-19T21:21:01.9578382Z               [33mclass[39m=[32m"max-w-[4096px] mx-auto flex flex-col items-center gap-[20px]"[39m
Test and Build	Run unit tests	2026-01-19T21:21:01.9579284Z             [36m>[39m
Test and Build	Run unit tests	2026-01-19T21:21:01.9579734Z               [36m<ul[39m
Test and Build	Run unit tests	2026-01-19T21:21:01.9580774Z                 [33mclass[39m=[32m"flex flex-wrap justify-center gap-[20px] md:gap-[40px] text-[16px] font-medium"[39m
Test and Build	Run unit tests	2026-01-19T21:21:01.9582130Z               [36m>[39m
Test and Build	Run unit tests	2026-01-19T21:21:01.9582605Z                 [36m<li>[39m
Test and Build	Run unit tests	2026-01-19T21:21:01.9583089Z                   [36m<a[39m
Test and Build	Run unit tests	2026-01-19T21:21:01.9584167Z                     [33mclass[39m=[32m"hover:text-[#26C699] transition-colors"[39m
Test and Build	Run unit tests	2026-01-19T21:21:01.9584990Z                     [33mhref[39m=[32m"/"[39m
Test and Build	Run unit tests	2026-01-19T21:21:01.9585533Z                   [36m>[39m
Test and Build	Run unit tests	2026-01-19T21:21:01.9586028Z                     [0mHome[0m
Test and Build	Run unit tests	2026-01-19T21:21:01.9586536Z                   [36m</a>[39m
Test and Build	Run unit tests	2026-01-19T21:21:01.9587026Z                 [36m</li>[39m
Test and Build	Run unit tests	2026-01-19T21:21:01.9587518Z                 [36m<li>[39m
Test and Build	Run unit tests	2026-01-19T21:21:01.9587993Z                   [36m<a[39m
Test and Build	Run unit tests	2026-01-19T21:21:01.9588743Z                     [33mclass[39m=[32m"hover:text-[#26C699] transition-colors"[39m
Test and Build	Run unit tests	2026-01-19T21:21:01.9589862Z                     [33mhref[39m=[32m"https://smeal.qualtrics.com/jfe/form/SV_bkMopd73A8fzfwO"[39m
Test and Build	Run unit tests	2026-01-19T21:21:01.9590750Z                     [33mtarget[39m=[32m"_blank"[39m
Test and Build	Run unit tests	2026-01-19T21:21:01.9591477Z                   [36m>[39m
Test and Build	Run unit tests	2026-01-19T21:21:01.9591998Z                     [0mTake the TABS[0m
Test and Build	Run unit tests	2026-01-19T21:21:01.9592538Z                   [36m</a>[39m
Test and Build	Run unit tests	2026-01-19T21:21:01.9593007Z                 [36m</li>[39m
Test and Build	Run unit tests	2026-01-19T21:21:01.9593476Z                 [36m<li>[39m
Test and Build	Run unit tests	2026-01-19T21:21:01.9593943Z                   [36m<a[39m
Test and Build	Run unit tests	2026-01-19T21:21:01.9594669Z                     [33mclass[39m=[32m"hover:text-[#26C699] transition-colors"[39m
Test and Build	Run unit tests	2026-01-19T21:21:01.9595552Z                     [33mhref[39m=[32m"/get-involved"[39m
Test and Build	Run unit tests	2026-01-19T21:21:01.9596357Z                   [36m>[39m
Test and Build	Run unit tests	2026-01-19T21:21:01.9596861Z                     [0mGet Involved[0m
Test and Build	Run unit tests	2026-01-19T21:21:01.9597383Z                   [36m</a>[39m
Test and Build	Run unit tests	2026-01-19T21:21:01.9597854Z                 [36m</li>[39m
Test and Build	Run unit tests	2026-01-19T21:21:01.9598330Z                 [36m<li>[39m
Test and Build	Run unit tests	2026-01-19T21:21:01.9598781Z                   [36m<a[39m
Test and Build	Run unit tests	2026-01-19T21:21:01.9599517Z                     [33mclass[39m=[32m"hover:text-[#26C699] transition-colors"[39m
Test and Build	Run unit tests	2026-01-19T21:21:01.9600312Z                     [33mhref[39m=[32m"/barriers"[39m
Test and Build	Run unit tests	2026-01-19T21:21:01.9600845Z                   [36m>[39m
Test and Build	Run unit tests	2026-01-19T21:21:01.9621833Z                     [0mTech Adoption Barriers[0m
Test and Build	Run unit tests	2026-01-19T21:21:01.9622530Z                   [36m</a>[39m
Test and Build	Run unit tests	2026-01-19T21:21:01.9623035Z                 [36m</li>[39m
Test and Build	Run unit tests	2026-01-19T21:21:01.9623508Z                 [36m<li>[39m
Test and Build	Run unit tests	2026-01-19T21:21:01.9623984Z                   [36m<a[39m
Test and Build	Run unit tests	2026-01-19T21:21:01.9624740Z                     [33mclass[39m=[32m"hover:text-[#26C699] transition-colors"[39m
Test and Build	Run unit tests	2026-01-19T21:21:01.9625693Z                     [33mhref[39m=[32m"/technology-adoption-models"[39m
Test and Build	Run unit tests	2026-01-19T21:21:01.9626321Z                   [36m>[39m
Test and Build	Run unit tests	2026-01-19T21:21:01.9626894Z                     [0mTechnology Adoption Models[0m
Test and Build	Run unit tests	2026-01-19T21:21:01.9627477Z                   [36m</a>[39m
Test and Build	Run unit tests	2026-01-19T21:21:01.9627956Z                 [36m</li>[39m
Test and Build	Run unit tests	2026-01-19T21:21:01.9628422Z                 [36m<li>[39m
Test and Build	Run unit tests	2026-01-19T21:21:01.9628890Z                   [36m<a[39m
Test and Build	Run unit tests	2026-01-19T21:21:01.9629642Z                     [33mclass[39m=[32m"hover:text-[#26C699] transition-colors"[39m
Test and Build	Run unit tests	2026-01-19T21:21:01.9630440Z                     [33mhref[39m=[32m"/media"[39m
Test and Build	Run unit tests	2026-01-19T21:21:01.9630965Z                   [36m>[39m
Test and Build	Run unit tests	2026-01-19T21:21:01.9631636Z                     [0mMedia[0m
Test and Build	Run unit tests	2026-01-19T21:21:01.9632043Z               ...
Test and Build	Run unit tests	2026-01-19T21:21:01.9632238Z 
Test and Build	Run unit tests	2026-01-19T21:21:01.9632777Z     [0m [90m 54 |[39m     render([33m<[39m[33mFooter[39m [33m/[39m[33m>[39m)
Test and Build	Run unit tests	2026-01-19T21:21:01.9634030Z      [90m 55 |[39m     [36mconst[39m currentYear [33m=[39m [36mnew[39m [33mDate[39m()[33m.[39mgetFullYear()
Test and Build	Run unit tests	2026-01-19T21:21:01.9635893Z     [31m[1m>[22m[39m[90m 56 |[39m     expect(screen[33m.[39mgetByText([36mnew[39m [33mRegExp[39m(currentYear[33m.[39mtoString())))[33m.[39mtoBeInTheDocument()
Test and Build	Run unit tests	2026-01-19T21:21:01.9637238Z      [90m    |[39m                   [31m[1m^[22m[39m
Test and Build	Run unit tests	2026-01-19T21:21:01.9637783Z      [90m 57 |[39m   })
Test and Build	Run unit tests	2026-01-19T21:21:01.9638458Z      [90m 58 |[39m
Test and Build	Run unit tests	2026-01-19T21:21:01.9639321Z      [90m 59 |[39m   it([32m'should display credit in footer'[39m[33m,[39m () [33m=>[39m {[0m
Test and Build	Run unit tests	2026-01-19T21:21:01.9639904Z 
Test and Build	Run unit tests	2026-01-19T21:21:01.9640412Z       at Object.getElementError (node_modules/@testing-library/dom/dist/config.js:37:19)
Test and Build	Run unit tests	2026-01-19T21:21:01.9641679Z       at getElementError (node_modules/@testing-library/dom/dist/query-helpers.js:20:35)
Test and Build	Run unit tests	2026-01-19T21:21:01.9642915Z       at getMultipleElementsFoundError (node_modules/@testing-library/dom/dist/query-helpers.js:23:10)
Test and Build	Run unit tests	2026-01-19T21:21:01.9644006Z       at node_modules/@testing-library/dom/dist/query-helpers.js:55:13
Test and Build	Run unit tests	2026-01-19T21:21:01.9644838Z       at node_modules/@testing-library/dom/dist/query-helpers.js:95:19
Test and Build	Run unit tests	2026-01-19T21:21:01.9645674Z       at Object.getByText (__tests__/components/Footer.test.tsx:56:19)
Test and Build	Run unit tests	2026-01-19T21:21:01.9646141Z 
Test and Build	Run unit tests	2026-01-19T21:21:01.9646493Z PASS __tests__/components/SupportCards.test.tsx
Test and Build	Run unit tests	2026-01-19T21:21:02.2758202Z PASS __tests__/lib/qualtrics-api.test.ts
Test and Build	Run unit tests	2026-01-19T21:21:02.8577839Z PASS __tests__/components/CookieConsent.test.tsx
Test and Build	Run unit tests	2026-01-19T21:21:03.1108725Z PASS __tests__/components/SeriesNavigation.test.tsx
Test and Build	Run unit tests	2026-01-19T21:21:03.4755983Z PASS __tests__/lib/github-utils.test.ts
Test and Build	Run unit tests	2026-01-19T21:21:03.5832625Z PASS __tests__/components/Header.test.tsx
Test and Build	Run unit tests	2026-01-19T21:21:03.8637363Z PASS __tests__/lib/qualtricsStats.test.ts
Test and Build	Run unit tests	2026-01-19T21:21:04.0439343Z PASS __tests__/components/tabs/Barriers.test.tsx
Test and Build	Run unit tests	2026-01-19T21:21:04.1235375Z PASS __tests__/lib/assetPath.test.ts
Test and Build	Run unit tests	2026-01-19T21:21:04.1934493Z PASS __tests__/lib/google-analytics.test.ts
Test and Build	Run unit tests	2026-01-19T21:21:04.2187796Z   ΓùÅ Console
Test and Build	Run unit tests	2026-01-19T21:21:04.2193474Z 
Test and Build	Run unit tests	2026-01-19T21:21:04.2193653Z     console.warn
Test and Build	Run unit tests	2026-01-19T21:21:04.2194345Z       Google Analytics credentials not fully configured. API calls will fail.
Test and Build	Run unit tests	2026-01-19T21:21:04.2194870Z 
Test and Build	Run unit tests	2026-01-19T21:21:04.2195102Z     [0m [90m 25 |[39m
Test and Build	Run unit tests	2026-01-19T21:21:04.2196408Z      [90m 26 |[39m     [36mif[39m ([33m![39memail [33m||[39m [33m![39mprivateKey [33m||[39m [33m![39mpropertyId) {
Test and Build	Run unit tests	2026-01-19T21:21:04.2199091Z     [31m[1m>[22m[39m[90m 27 |[39m       console[33m.[39mwarn([32m'Google Analytics credentials not fully configured. API calls will fail.'[39m)
Test and Build	Run unit tests	2026-01-19T21:21:04.2200371Z      [90m    |[39m               [31m[1m^[22m[39m
Test and Build	Run unit tests	2026-01-19T21:21:04.2200934Z      [90m 28 |[39m     }
Test and Build	Run unit tests	2026-01-19T21:21:04.2201555Z      [90m 29 |[39m
Test and Build	Run unit tests	2026-01-19T21:21:04.2202536Z      [90m 30 |[39m     [36mthis[39m[33m.[39mpropertyId [33m=[39m propertyId [33m||[39m [32m''[39m[0m
Test and Build	Run unit tests	2026-01-19T21:21:04.2203224Z 
Test and Build	Run unit tests	2026-01-19T21:21:04.2203529Z       at new warn (src/lib/google-analytics.ts:27:15)
Test and Build	Run unit tests	2026-01-19T21:21:04.2204261Z       at Object.<anonymous> (src/lib/google-analytics.ts:80:25)
Test and Build	Run unit tests	2026-01-19T21:21:04.2205132Z       at Object.<anonymous> (__tests__/lib/google-analytics.test.ts:7:26)
Test and Build	Run unit tests	2026-01-19T21:21:04.2205645Z 
Test and Build	Run unit tests	2026-01-19T21:21:04.2205791Z     console.warn
Test and Build	Run unit tests	2026-01-19T21:21:04.2206423Z       Google Analytics credentials not fully configured. API calls will fail.
Test and Build	Run unit tests	2026-01-19T21:21:04.2206970Z 
Test and Build	Run unit tests	2026-01-19T21:21:04.2207181Z     [0m [90m 25 |[39m
Test and Build	Run unit tests	2026-01-19T21:21:04.2208216Z      [90m 26 |[39m     [36mif[39m ([33m![39memail [33m||[39m [33m![39mprivateKey [33m||[39m [33m![39mpropertyId) {
Test and Build	Run unit tests	2026-01-19T21:21:04.2209963Z     [31m[1m>[22m[39m[90m 27 |[39m       console[33m.[39mwarn([32m'Google Analytics credentials not fully configured. API calls will fail.'[39m)
Test and Build	Run unit tests	2026-01-19T21:21:04.2211156Z      [90m    |[39m               [31m[1m^[22m[39m
Test and Build	Run unit tests	2026-01-19T21:21:04.2211872Z      [90m 28 |[39m     }
Test and Build	Run unit tests	2026-01-19T21:21:04.2212286Z      [90m 29 |[39m
Test and Build	Run unit tests	2026-01-19T21:21:04.2213220Z      [90m 30 |[39m     [36mthis[39m[33m.[39mpropertyId [33m=[39m propertyId [33m||[39m [32m''[39m[0m
Test and Build	Run unit tests	2026-01-19T21:21:04.2213868Z 
Test and Build	Run unit tests	2026-01-19T21:21:04.2214155Z       at new warn (src/lib/google-analytics.ts:27:15)
Test and Build	Run unit tests	2026-01-19T21:21:04.2214922Z       at Object.<anonymous> (__tests__/lib/google-analytics.test.ts:54:20)
Test and Build	Run unit tests	2026-01-19T21:21:04.2215852Z 
Test and Build	Run unit tests	2026-01-19T21:21:04.2815899Z PASS __tests__/lib/stripHtml.test.ts
Test and Build	Run unit tests	2026-01-19T21:21:04.3206866Z 
Test and Build	Run unit tests	2026-01-19T21:21:04.3210415Z Test Suites: 1 failed, 12 passed, 13 total
Test and Build	Run unit tests	2026-01-19T21:21:04.3211157Z Tests:       1 failed, 103 passed, 104 total
Test and Build	Run unit tests	2026-01-19T21:21:04.3211893Z Snapshots:   0 total
Test and Build	Run unit tests	2026-01-19T21:21:04.3212283Z Time:        4.663 s
Test and Build	Run unit tests	2026-01-19T21:21:04.3212657Z Ran all test suites.
Test and Build	Run unit tests	2026-01-19T21:21:04.4008548Z ##[error]Process completed with exit code 1.
Test and Build	Upload build artifacts (for debugging)	∩╗┐2026-01-19T21:21:04.4112561Z ##[group]Run actions/upload-artifact@v6
Test and Build	Upload build artifacts (for debugging)	2026-01-19T21:21:04.4112849Z with:
Test and Build	Upload build artifacts (for debugging)	2026-01-19T21:21:04.4113022Z   name: build-output
Test and Build	Upload build artifacts (for debugging)	2026-01-19T21:21:04.4113223Z   path: .next/
Test and Build	Upload build artifacts (for debugging)	out/
Test and Build	Upload build artifacts (for debugging)	
Test and Build	Upload build artifacts (for debugging)	2026-01-19T21:21:04.4113418Z   retention-days: 7
Test and Build	Upload build artifacts (for debugging)	2026-01-19T21:21:04.4113621Z   if-no-files-found: warn
Test and Build	Upload build artifacts (for debugging)	2026-01-19T21:21:04.4113831Z   compression-level: 6
Test and Build	Upload build artifacts (for debugging)	2026-01-19T21:21:04.4114030Z   overwrite: false
Test and Build	Upload build artifacts (for debugging)	2026-01-19T21:21:04.4114229Z   include-hidden-files: false
Test and Build	Upload build artifacts (for debugging)	2026-01-19T21:21:04.4114447Z ##[endgroup]
Test and Build	Upload build artifacts (for debugging)	2026-01-19T21:21:04.5598073Z Multiple search paths detected. Calculating the least common ancestor of all paths
Test and Build	Upload build artifacts (for debugging)	2026-01-19T21:21:04.5602969Z The least common ancestor is /home/runner/work/technologyadoptionbarriers.org/technologyadoptionbarriers.org. This will be the root directory of the artifact
Test and Build	Upload build artifacts (for debugging)	2026-01-19T21:21:04.5615432Z ##[warning]No files were found with the provided path: .next/
Test and Build	Upload build artifacts (for debugging)	out/. No artifacts will be uploaded.
Test and Build	Post Checkout repository	∩╗┐2026-01-19T21:21:04.5754167Z Post job cleanup.
Test and Build	Post Checkout repository	2026-01-19T21:21:04.6520455Z [command]/usr/bin/git version
Test and Build	Post Checkout repository	2026-01-19T21:21:04.6555672Z git version 2.52.0
Test and Build	Post Checkout repository	2026-01-19T21:21:04.6592106Z Temporarily overriding HOME='/home/runner/work/_temp/d7fac59c-43ba-4d8b-b98b-e5e548020bee' before making global git config changes
Test and Build	Post Checkout repository	2026-01-19T21:21:04.6593590Z Adding repository directory to the temporary git global config as a safe directory
Test and Build	Post Checkout repository	2026-01-19T21:21:04.6597233Z [command]/usr/bin/git config --global --add safe.directory /home/runner/work/technologyadoptionbarriers.org/technologyadoptionbarriers.org
Test and Build	Post Checkout repository	2026-01-19T21:21:04.6627713Z Removing SSH command configuration
Test and Build	Post Checkout repository	2026-01-19T21:21:04.6634024Z [command]/usr/bin/git config --local --name-only --get-regexp core\.sshCommand
Test and Build	Post Checkout repository	2026-01-19T21:21:04.6668534Z [command]/usr/bin/git submodule foreach --recursive sh -c "git config --local --name-only --get-regexp 'core\.sshCommand' && git config --local --unset-all 'core.sshCommand' || :"
Test and Build	Post Checkout repository	2026-01-19T21:21:04.6889005Z Removing HTTP extra header
Test and Build	Post Checkout repository	2026-01-19T21:21:04.6893507Z [command]/usr/bin/git config --local --name-only --get-regexp http\.https\:\/\/github\.com\/\.extraheader
Test and Build	Post Checkout repository	2026-01-19T21:21:04.6924040Z [command]/usr/bin/git submodule foreach --recursive sh -c "git config --local --name-only --get-regexp 'http\.https\:\/\/github\.com\/\.extraheader' && git config --local --unset-all 'http.https://github.com/.extraheader' || :"
Test and Build	Post Checkout repository	2026-01-19T21:21:04.7149906Z Removing includeIf entries pointing to credentials config files
Test and Build	Post Checkout repository	2026-01-19T21:21:04.7156859Z [command]/usr/bin/git config --local --name-only --get-regexp ^includeIf\.gitdir:
Test and Build	Post Checkout repository	2026-01-19T21:21:04.7181761Z includeif.gitdir:/home/runner/work/technologyadoptionbarriers.org/technologyadoptionbarriers.org/.git.path
Test and Build	Post Checkout repository	2026-01-19T21:21:04.7183983Z includeif.gitdir:/home/runner/work/technologyadoptionbarriers.org/technologyadoptionbarriers.org/.git/worktrees/*.path
Test and Build	Post Checkout repository	2026-01-19T21:21:04.7186630Z includeif.gitdir:/github/workspace/.git.path
Test and Build	Post Checkout repository	2026-01-19T21:21:04.7187442Z includeif.gitdir:/github/workspace/.git/worktrees/*.path
Test and Build	Post Checkout repository	2026-01-19T21:21:04.7193516Z [command]/usr/bin/git config --local --get-all includeif.gitdir:/home/runner/work/technologyadoptionbarriers.org/technologyadoptionbarriers.org/.git.path
Test and Build	Post Checkout repository	2026-01-19T21:21:04.7215152Z /home/runner/work/_temp/git-credentials-6f7327f9-0913-42b0-8d53-55c0d7395afe.config
Test and Build	Post Checkout repository	2026-01-19T21:21:04.7227240Z [command]/usr/bin/git config --local --unset includeif.gitdir:/home/runner/work/technologyadoptionbarriers.org/technologyadoptionbarriers.org/.git.path /home/runner/work/_temp/git-credentials-6f7327f9-0913-42b0-8d53-55c0d7395afe.config
Test and Build	Post Checkout repository	2026-01-19T21:21:04.7261988Z [command]/usr/bin/git config --local --get-all includeif.gitdir:/home/runner/work/technologyadoptionbarriers.org/technologyadoptionbarriers.org/.git/worktrees/*.path
Test and Build	Post Checkout repository	2026-01-19T21:21:04.7284310Z /home/runner/work/_temp/git-credentials-6f7327f9-0913-42b0-8d53-55c0d7395afe.config
Test and Build	Post Checkout repository	2026-01-19T21:21:04.7294703Z [command]/usr/bin/git config --local --unset includeif.gitdir:/home/runner/work/technologyadoptionbarriers.org/technologyadoptionbarriers.org/.git/worktrees/*.path /home/runner/work/_temp/git-credentials-6f7327f9-0913-42b0-8d53-55c0d7395afe.config
Test and Build	Post Checkout repository	2026-01-19T21:21:04.7326589Z [command]/usr/bin/git config --local --get-all includeif.gitdir:/github/workspace/.git.path
Test and Build	Post Checkout repository	2026-01-19T21:21:04.7348758Z /github/runner_temp/git-credentials-6f7327f9-0913-42b0-8d53-55c0d7395afe.config
Test and Build	Post Checkout repository	2026-01-19T21:21:04.7357721Z [command]/usr/bin/git config --local --unset includeif.gitdir:/github/workspace/.git.path /github/runner_temp/git-credentials-6f7327f9-0913-42b0-8d53-55c0d7395afe.config
Test and Build	Post Checkout repository	2026-01-19T21:21:04.7389744Z [command]/usr/bin/git config --local --get-all includeif.gitdir:/github/workspace/.git/worktrees/*.path
Test and Build	Post Checkout repository	2026-01-19T21:21:04.7411031Z /github/runner_temp/git-credentials-6f7327f9-0913-42b0-8d53-55c0d7395afe.config
Test and Build	Post Checkout repository	2026-01-19T21:21:04.7420877Z [command]/usr/bin/git config --local --unset includeif.gitdir:/github/workspace/.git/worktrees/*.path /github/runner_temp/git-credentials-6f7327f9-0913-42b0-8d53-55c0d7395afe.config
Test and Build	Post Checkout repository	2026-01-19T21:21:04.7455317Z [command]/usr/bin/git submodule foreach --recursive git config --local --show-origin --name-only --get-regexp remote.origin.url
Test and Build	Post Checkout repository	2026-01-19T21:21:04.7697904Z Removing credentials config '/home/runner/work/_temp/git-credentials-6f7327f9-0913-42b0-8d53-55c0d7395afe.config'
Test and Build	Complete job	∩╗┐2026-01-19T21:21:04.7828032Z Cleaning up orphan processes
